
#open git bash


Rishab Kumar@LAPTOP-PPDS6BPG MINGW64 ~
$ cd F:/

Rishab Kumar@LAPTOP-PPDS6BPG MINGW64 /f
$ ls
'$RECYCLE.BIN'/                      Linux/
 Abcd                                LOC.c
 abcdefgh.doc                        Logos/
 Amahi/                             'MASTER OF COMPUTER APPLICATION FIELD OF STUDY CODE -MCAM(224).pdf'
'Arvind Hindi Font.pdf'              Matlab/
 C/                                 'Microsoft Word - Hindi Keymap.pdf'
 C++/                                NetBeans/
 CodeBlocks/                         Oracle12C/
 CodeChef/                           Projects/
 Collage/                            Python/
 computer.png                        rkmr039-SNCK17.pdf
 Documents/                         'ShortCut Keys'/
 FreeNAS/                            Softwares/
'git codes'/                        'System Volume Information'/
 Hacking/                            Testing/
 HangoutSessions/                    TestNG/
'Hindi Keymap.jpg'                   thinkpython2.pdf
 HindiKeyboardLayoutsRemington.png  'VIsual Editor'/
 java/                              'Web Development'/
 katalon/                            Xiaomi/

Rishab Kumar@LAPTOP-PPDS6BPG MINGW64 /f
$ cd git\ codes/

Rishab Kumar@LAPTOP-PPDS6BPG MINGW64 /f/git codes
$ git init
Initialized empty Git repository in F:/git codes/.git/

Rishab Kumar@LAPTOP-PPDS6BPG MINGW64 /f/git codes (master)
$ git status
On branch master

No commits yet

Untracked files:
  (use "git add <file>..." to include in what will be committed)

        LOC.c

nothing added to commit but untracked files present (use "git add" to track)

Rishab Kumar@LAPTOP-PPDS6BPG MINGW64 /f/git codes (master)
$ git add
Nothing specified, nothing added.
Maybe you wanted to say 'git add .'?

Rishab Kumar@LAPTOP-PPDS6BPG MINGW64 /f/git codes (master)
$ git add .
warning: LF will be replaced by CRLF in LOC.c.
The file will have its original line endings in your working directory.

Rishab Kumar@LAPTOP-PPDS6BPG MINGW64 /f/git codes (master)
$ git remote add origin https://github.com/rkmr039/Codes

Rishab Kumar@LAPTOP-PPDS6BPG MINGW64 /f/git codes (master)
$ git commit -m "C Programe for Line Of Code"
[master (root-commit) 86412f3] C Programe for Line Of Code
 1 file changed, 60 insertions(+)
 create mode 100644 LOC.c

Rishab Kumar@LAPTOP-PPDS6BPG MINGW64 /f/git codes (master)
$ git remote add origin https://github.com/rkmr039/Codes
fatal: remote origin already exists.

Rishab Kumar@LAPTOP-PPDS6BPG MINGW64 /f/git codes (master)
$ git push origin master
Counting objects: 3, done.
Delta compression using up to 4 threads.
Compressing objects: 100% (2/2), done.
Writing objects: 100% (3/3), 886 bytes | 886.00 KiB/s, done.
Total 3 (delta 0), reused 0 (delta 0)
To https://github.com/rkmr039/Codes
 * [new branch]      master -> master

Rishab Kumar@LAPTOP-PPDS6BPG MINGW64 /f/git codes (master)
$


# reset new remote 
$ git remote -v 	# view current remote 
$ git remote rm <remote name to be removed> 
$ git remote -v         # verify remote exist or not 
$ git remote add <remote name> <repo link>

https://help.github.com/articles/removing-a-remote/

https://help.github.com/articles/pushing-to-a-remote/